// Jest Snapshot v1, https://goo.gl/fbAQLP

exports[`should correctly render expenses summary with multi expense 1`] = `
<div>
  <h1>
    Viewing 
    23
     
    expenses
     totaling 
    $12,345.67
  </h1>
</div>
`;

exports[`should correctly render expenses summary with one expense 1`] = `
<div>
  <h1>
    Viewing 
    1
     
    expense
     totaling 
    $2.35
  </h1>
</div>
`;
